// Jest Snapshot v1, https://goo.gl/fbAQLP

exports[`NewsInfo Component  1`] = `
<div
  data-cy="itemInfo"
>
  <div>
    subsection-1
  </div>
  <div>
    title-1
  </div>
  <div>
    abstract-1
  </div>
  <div>
    section-1
  </div>
</div>
`;
